▿ Validation<Array<String>, User>
  ▿ invalid: 3 elements
    - "name"
    - "name"
    - "email"
