▿ 3 elements
  ▿ (2 elements)
    - now: 1
    - last: Optional<Int>.none
  ▿ (2 elements)
    - now: 2
    ▿ last: Optional<Int>
      - some: 1
  ▿ (2 elements)
    - now: 3
    ▿ last: Optional<Int>
      - some: 2
