▿ 1 element
  ▿ (2 elements)
    - now: 1
    - last: nil
