â–¿ Either.Either<Swift.Optional<Swift.String>, Swift.Optional<Swift.String>>.left
  - left: nil
