▿ Either.Either<Swift.Optional<Swift.String>, Swift.Optional<Swift.String>>.right
  ▿ right: Optional("Hehe.")
    - some: "Hehe."
