▿ OpticsTests.Episode
  - id: 5
  ▿ host: OpticsTests.User
    - id: 1
    - name: "BLOB"
  - cohost: nil
  ▿ guests: 2 elements
    ▿ OpticsTests.User
      - id: 2
      - name: "Glob"
    ▿ OpticsTests.User
      - id: 3
      - name: "Prob"
  - isSubscriberOnly: false
