▿ (2 elements)
  ▿ .0: 2 elements
    ▿ Either.Either<Swift.Array<Either.Either<Swift.Optional<Swift.Int>, Swift.Optional<Swift.Int>>>, Swift.String>.left
      ▿ left: 4 elements
        ▿ Either.Either<Swift.Optional<Swift.Int>, Swift.Optional<Swift.Int>>.right
          ▿ right: Optional(2)
            - some: 2
        ▿ Either.Either<Swift.Optional<Swift.Int>, Swift.Optional<Swift.Int>>.right
          ▿ right: Optional(3)
            - some: 3
        ▿ Either.Either<Swift.Optional<Swift.Int>, Swift.Optional<Swift.Int>>.left
          - left: nil
        ▿ Either.Either<Swift.Optional<Swift.Int>, Swift.Optional<Swift.Int>>.right
          ▿ right: Optional(4)
            - some: 4
    ▿ Either.Either<Swift.Array<Either.Either<Swift.Optional<Swift.Int>, Swift.Optional<Swift.Int>>>, Swift.String>.right
      - right: "hello!"
  - .1: 999
