▿ Either.Either<Swift.String, Either.Either<Swift.String, Swift.Int>>.right
  ▿ right: Either.Either<Swift.String, Swift.Int>.left
    - left: "OOPS"
