â–¿ 2 elements
  - "Hello, Blob!"
  - "Goodbye, Blob!"
