▿ 2 elements
  ▿ (2 elements)
    - now: 1
    - last: nil
  ▿ (2 elements)
    - now: 2
    ▿ last: Optional(1)
      - some: 1
