▿ 1 element
  ▿ (2 elements)
    - .0: 1
    - .1: "a"
