▿ Validation<FreeNearSemiring<String>, User>
  ▿ invalid: FreeNearSemiring<String>
    ▿ elements: 2 elements
      ▿ 3 elements
        - "name"
        - "bio"
        - "email"
      ▿ 3 elements
        - "name"
        - "bio"
        - "phone"
