▿ ValidationNearSemiring.Validation<Prelude.FreeNearSemiring<Swift.String>, ValidationNearSemiringTests.User>.valid
  ▿ valid: ValidationNearSemiringTests.User
    - first: "Stephen"
    - last: "Celis"
    - contact: "stephen@pointfree.co"
