▿ Either<Optional<String>, Optional<String>>
  ▿ right: Optional<String>
    - some: "Hehe."
