▿ Either<String, Either<String, Int>>
  ▿ right: Either<String, Int>
    - left: "OOPS"
