▿ (2 elements)
  ▿ .0: (2 elements)
    - .0: 1
    - .1: "Haha!"
  - .1: 3
