▿ Episode
  - cohost: Optional<User>.none
  ▿ guests: 2 elements
    ▿ User
      - id: 2
      - name: "GLOB"
    ▿ User
      - id: 3
      - name: "PROB"
  ▿ host: User
    - id: 1
    - name: "Blob"
  - id: 5
  - isSubscriberOnly: false
