▿ Episode
  - id: 5
  ▿ host: User
    - id: 1
    - name: "Blob"
  ▿ cohost: Optional<User>
    ▿ some: User
      - id: 1
      - name: "BLOB"
  ▿ guests: 2 elements
    ▿ User
      - id: 2
      - name: "Glob"
    ▿ User
      - id: 3
      - name: "Prob"
  - isSubscriberOnly: false
