▿ Either<String, Either<String, Int>>
  ▿ right: Either<String, Int>
    - right: 999
