▿ OpticsTests.Episode
  - id: 5
  ▿ host: OpticsTests.User
    - id: 1
    - name: "Blob"
  ▿ cohost: Optional(OpticsTests.User(id: 1, name: "BLOB"))
    ▿ some: OpticsTests.User
      - id: 1
      - name: "BLOB"
  ▿ guests: 2 elements
    ▿ OpticsTests.User
      - id: 2
      - name: "Glob"
    ▿ OpticsTests.User
      - id: 3
      - name: "Prob"
  - isSubscriberOnly: false
