â–¿ Either<String, Either<String, Int>>
  - left: "OOPS"
