â–¿ Either<Optional<String>, Optional<String>>
  - left: Optional<String>.none
